Copyright 1986-2022 Xilinx, Inc. All Rights Reserved. Copyright 2022-2025 Advanced Micro Devices, Inc. All Rights Reserved.
---------------------------------------------------------------------------------------------------------------------------------------------
| Tool Version : Vivado v.2025.2 (win64) Build 6299465 Fri Nov 14 19:35:11 GMT 2025
| Date         : Thu May 28 15:20:48 2026
| Host         : DESKTOP-KQLHE20 running 64-bit major release  (build 9200)
| Command      : report_control_sets -verbose -file top_level_control_sets_placed.rpt
| Design       : top_level
| Device       : xc7a35t
---------------------------------------------------------------------------------------------------------------------------------------------

Control Set Information

Table of Contents
-----------------
1. Summary
2. Histogram
3. Flip-Flop Distribution
4. Detailed Control Set Information

1. Summary
----------

+----------------------------------------------------------+-------+
|                          Status                          | Count |
+----------------------------------------------------------+-------+
| Total control sets                                       |    11 |
|    Minimum number of control sets                        |    11 |
|    Addition due to synthesis replication                 |     0 |
|    Addition due to physical synthesis replication        |     0 |
| Unused register locations in slices containing registers |    48 |
+----------------------------------------------------------+-------+
* Control sets can be merged at opt_design using control_set_merge or merge_equivalent_drivers
** Run report_qor_suggestions for automated merging and remapping suggestions


2. Histogram
------------

+--------------------+-------+
|       Fanout       | Count |
+--------------------+-------+
| Total control sets |    11 |
| >= 0 to < 4        |     4 |
| >= 4 to < 6        |     1 |
| >= 6 to < 8        |     1 |
| >= 8 to < 10       |     2 |
| >= 10 to < 12      |     1 |
| >= 12 to < 14      |     0 |
| >= 14 to < 16      |     0 |
| >= 16              |     2 |
+--------------------+-------+
* Control sets can be remapped at either synth_design or opt_design


3. Flip-Flop Distribution
-------------------------

+--------------+-----------------------+------------------------+-----------------+--------------+
| Clock Enable | Synchronous Set/Reset | Asynchronous Set/Reset | Total Registers | Total Slices |
+--------------+-----------------------+------------------------+-----------------+--------------+
| No           | No                    | No                     |               0 |            0 |
| No           | No                    | Yes                    |              40 |           21 |
| No           | Yes                   | No                     |               0 |            0 |
| Yes          | No                    | No                     |               8 |            2 |
| Yes          | No                    | Yes                    |              44 |           21 |
| Yes          | Yes                   | No                     |               4 |            3 |
+--------------+-----------------------+------------------------+-----------------+--------------+


4. Detailed Control Set Information
-----------------------------------

+-----------------------+----------------------------------------------+---------------------------------+------------------+----------------+--------------+
|      Clock Signal     |                 Enable Signal                |         Set/Reset Signal        | Slice Load Count | Bel Load Count | Bels / Slice |
+-----------------------+----------------------------------------------+---------------------------------+------------------+----------------+--------------+
|  vga_controller/clk_2 |                                              | reset_IBUF                      |                1 |              1 |         1.00 |
|  pix_clock            | vga_controller/vga_r[3]_i_2_n_0              | vga_controller/vga_r[3]_i_1_n_0 |                1 |              1 |         1.00 |
|  pix_clock            | vga_controller/vga_r[3]_i_2_n_0              | vga_controller/vga_r[1]_i_1_n_0 |                1 |              1 |         1.00 |
|  pix_clock            | vga_controller/vga_r[3]_i_2_n_0              | vga_controller/vga_r[2]_i_1_n_0 |                1 |              2 |         2.00 |
|  clk_IBUF_BUFG        | snake_controller/snake_body[0][y][4]_i_1_n_0 | reset_IBUF                      |                2 |              5 |         2.50 |
|  clk_IBUF_BUFG        | snake_controller/snake_body[0][x][5]_i_1_n_0 | reset_IBUF                      |                6 |              6 |         1.00 |
|  pix_clock            | vga_controller/vga_r[3]_i_2_n_0              |                                 |                2 |              8 |         4.00 |
|  pix_clock            | vga_controller/sel                           | reset_IBUF                      |                3 |              9 |         3.00 |
|  pix_clock            |                                              | reset_IBUF                      |                5 |             10 |         2.00 |
|  clk_IBUF_BUFG        | snake_controller/game_tick                   | reset_IBUF                      |               10 |             24 |         2.40 |
|  clk_IBUF_BUFG        |                                              | reset_IBUF                      |               15 |             29 |         1.93 |
+-----------------------+----------------------------------------------+---------------------------------+------------------+----------------+--------------+


